// Jest Snapshot v1, https://goo.gl/fbAQLP

exports[`App component renders App 1`] = `
<section
  className="WashingtonSR"
>
  <h3>
    1594285200
  </h3>
  <h3>
    1594252800
  </h3>
  <h3>
    1594274400
  </h3>
  <h3>
    0
  </h3>
  <h3>
    1
  </h3>
  <h3>
    absMinBreakingHeight: 1.69
  </h3>
  <h3>
    speed: 7
  </h3>
  <h3>
    pressure: 1017
  </h3>
  <h3>
    swell: https://charts-s3.msw.ms/archive/wave/750/16-1594285200-1.gif
  </h3>
</section>
`;

exports[`WashingtonSR component renders WashingtonSR 1`] = `
<section
  className="WashingtonSR"
>
  <h3>
    1594285200
  </h3>
  <h3>
    1594252800
  </h3>
  <h3>
    1594274400
  </h3>
  <h3>
    0
  </h3>
  <h3>
    1
  </h3>
  <h3>
    absMinBreakingHeight: 1.69
  </h3>
  <h3>
    speed: 7
  </h3>
  <h3>
    pressure: 1017
  </h3>
  <h3>
    swell: https://charts-s3.msw.ms/archive/wave/750/16-1594285200-1.gif
  </h3>
</section>
`;
